00:01:07 **** Incremental Build of configuration Debug for project 002Sizeof ****
make -j16 all 
arm-none-eabi-gcc "../Src/main.c" -mcpu=cortex-m4 -std=gnu11 -g3 -DDEBUG -DSTM32 -DSTM32F407G_DISC1 -DSTM32F4 -DSTM32F407VGTx -c -I../Inc -O0 -ffunction-sections -fdata-sections -Wall -fstack-usage -fcyclomatic-complexity -MMD -MP -MF"Src/main.d" -MT"Src/main.o" --specs=nano.specs -mfloat-abi=soft -mthumb -o "Src/main.o"
arm-none-eabi-gcc -o "002Sizeof.elf" @"objects.list"   -mcpu=cortex-m4 -T"C:\Alperen\RIGELSAN\STM32\Courses\FastbitAcademy\1 - Microcontroller Embedded C Programming Absolute Beginners\My Workspace\target\002Sizeof\STM32F407VGTX_FLASH.ld" --specs=nosys.specs -Wl,-Map="002Sizeof.map" -Wl,--gc-sections -static --specs=nano.specs -mfloat-abi=soft -mthumb -Wl,--start-group -lc -lm -Wl,--end-group
Finished building target: 002Sizeof.elf
 
arm-none-eabi-size  002Sizeof.elf 
arm-none-eabi-objdump -h -S 002Sizeof.elf  > "002Sizeof.list"
   text	   data	    bss	    dec	    hex	filename
   5132	     92	   1900	   7124	   1bd4	002Sizeof.elf
Finished building: default.size.stdout
 
Finished building: 002Sizeof.list
 

00:01:07 Build Finished. 0 errors, 0 warnings. (took 450ms)

