23:55:57 **** Build of configuration Debug for project 002Sizeof ****
make -j16 all 
arm-none-eabi-gcc -mcpu=cortex-m4 -g3 -DDEBUG -c -x assembler-with-cpp -MMD -MP -MF"Startup/startup_stm32f407vgtx.d" -MT"Startup/startup_stm32f407vgtx.o" --specs=nano.specs -mfloat-abi=soft -mthumb -o "Startup/startup_stm32f407vgtx.o" "../Startup/startup_stm32f407vgtx.s"
arm-none-eabi-gcc "../Src/main.c" -mcpu=cortex-m4 -std=gnu11 -g3 -DDEBUG -DSTM32 -DSTM32F407G_DISC1 -DSTM32F4 -DSTM32F407VGTx -c -I../Inc -O0 -ffunction-sections -fdata-sections -Wall -fstack-usage -fcyclomatic-complexity -MMD -MP -MF"Src/main.d" -MT"Src/main.o" --specs=nano.specs -mfloat-abi=soft -mthumb -o "Src/main.o"
arm-none-eabi-gcc "../Src/syscalls.c" -mcpu=cortex-m4 -std=gnu11 -g3 -DDEBUG -DSTM32 -DSTM32F407G_DISC1 -DSTM32F4 -DSTM32F407VGTx -c -I../Inc -O0 -ffunction-sections -fdata-sections -Wall -fstack-usage -fcyclomatic-complexity -MMD -MP -MF"Src/syscalls.d" -MT"Src/syscalls.o" --specs=nano.specs -mfloat-abi=soft -mthumb -o "Src/syscalls.o"
arm-none-eabi-gcc "../Src/sysmem.c" -mcpu=cortex-m4 -std=gnu11 -g3 -DDEBUG -DSTM32 -DSTM32F407G_DISC1 -DSTM32F4 -DSTM32F407VGTx -c -I../Inc -O0 -ffunction-sections -fdata-sections -Wall -fstack-usage -fcyclomatic-complexity -MMD -MP -MF"Src/sysmem.d" -MT"Src/sysmem.o" --specs=nano.specs -mfloat-abi=soft -mthumb -o "Src/sysmem.o"
arm-none-eabi-gcc -o "002Sizeof.elf" @"objects.list"   -mcpu=cortex-m4 -T"C:\Alperen\RIGELSAN\STM32\Courses\FastbitAcademy\1 - Microcontroller Embedded C Programming Absolute Beginners\My Workspace\target\002Sizeof\STM32F407VGTX_FLASH.ld" --specs=nosys.specs -Wl,-Map="002Sizeof.map" -Wl,--gc-sections -static --specs=nano.specs -mfloat-abi=soft -mthumb -Wl,--start-group -lc -lm -Wl,--end-group
Finished building target: 002Sizeof.elf
 
arm-none-eabi-size  002Sizeof.elf 
arm-none-eabi-objdump -h -S 002Sizeof.elf  > "002Sizeof.list"
   text	   data	    bss	    dec	    hex	filename
   5132	     92	   1900	   7124	   1bd4	002Sizeof.elf
Finished building: default.size.stdout
 
Finished building: 002Sizeof.list
 
23:56:26 **** Incremental Build of configuration Debug for project 002Sizeof ****
make -j16 all 
arm-none-eabi-size  002Sizeof.elf 
   text	   data	    bss	    dec	    hex	filename
   5132	     92	   1900	   7124	   1bd4	002Sizeof.elf
Finished building: default.size.stdout
 
23:56:54 **** Incremental Build of configuration Debug for project 002Sizeof ****
make -j16 all 
arm-none-eabi-size  002Sizeof.elf 
   text	   data	    bss	    dec	    hex	filename
   5132	     92	   1900	   7124	   1bd4	002Sizeof.elf
Finished building: default.size.stdout
 
23:57:09 **** Incremental Build of configuration Debug for project 002Sizeof ****
make -j16 all 
arm-none-eabi-size  002Sizeof.elf 
   text	   data	    bss	    dec	    hex	filename
   5132	     92	   1900	   7124	   1bd4	002Sizeof.elf
Finished building: default.size.stdout
 
23:57:36 **** Incremental Build of configuration Debug for project 002Sizeof ****
make -j16 all 
arm-none-eabi-size  002Sizeof.elf 
   text	   data	    bss	    dec	    hex	filename
   5132	     92	   1900	   7124	   1bd4	002Sizeof.elf
Finished building: default.size.stdout
 
23:59:13 **** Incremental Build of configuration Debug for project 002Sizeof ****
make -j16 all 
arm-none-eabi-size  002Sizeof.elf 
   text	   data	    bss	    dec	    hex	filename
   5132	     92	   1900	   7124	   1bd4	002Sizeof.elf
Finished building: default.size.stdout
 
00:01:07 **** Incremental Build of configuration Debug for project 002Sizeof ****
make -j16 all 
arm-none-eabi-gcc "../Src/main.c" -mcpu=cortex-m4 -std=gnu11 -g3 -DDEBUG -DSTM32 -DSTM32F407G_DISC1 -DSTM32F4 -DSTM32F407VGTx -c -I../Inc -O0 -ffunction-sections -fdata-sections -Wall -fstack-usage -fcyclomatic-complexity -MMD -MP -MF"Src/main.d" -MT"Src/main.o" --specs=nano.specs -mfloat-abi=soft -mthumb -o "Src/main.o"
arm-none-eabi-gcc -o "002Sizeof.elf" @"objects.list"   -mcpu=cortex-m4 -T"C:\Alperen\RIGELSAN\STM32\Courses\FastbitAcademy\1 - Microcontroller Embedded C Programming Absolute Beginners\My Workspace\target\002Sizeof\STM32F407VGTX_FLASH.ld" --specs=nosys.specs -Wl,-Map="002Sizeof.map" -Wl,--gc-sections -static --specs=nano.specs -mfloat-abi=soft -mthumb -Wl,--start-group -lc -lm -Wl,--end-group
Finished building target: 002Sizeof.elf
 
arm-none-eabi-size  002Sizeof.elf 
arm-none-eabi-objdump -h -S 002Sizeof.elf  > "002Sizeof.list"
   text	   data	    bss	    dec	    hex	filename
   5132	     92	   1900	   7124	   1bd4	002Sizeof.elf
Finished building: default.size.stdout
 
Finished building: 002Sizeof.list
 
