09:22:12 **** Build of configuration Debug for project 003Add ****
make -j16 all 
arm-none-eabi-gcc -mcpu=cortex-m4 -g3 -DDEBUG -c -x assembler-with-cpp -MMD -MP -MF"Startup/startup_stm32f407vgtx.d" -MT"Startup/startup_stm32f407vgtx.o" --specs=nano.specs -mfloat-abi=soft -mthumb -o "Startup/startup_stm32f407vgtx.o" "../Startup/startup_stm32f407vgtx.s"
arm-none-eabi-gcc "../Src/main.c" -mcpu=cortex-m4 -std=gnu11 -g3 -DDEBUG -DSTM32 -DSTM32F407G_DISC1 -DSTM32F4 -DSTM32F407VGTx -c -I../Inc -O0 -ffunction-sections -fdata-sections -Wall -fstack-usage -fcyclomatic-complexity -MMD -MP -MF"Src/main.d" -MT"Src/main.o" --specs=nano.specs -mfloat-abi=soft -mthumb -o "Src/main.o"
arm-none-eabi-gcc "../Src/syscalls.c" -mcpu=cortex-m4 -std=gnu11 -g3 -DDEBUG -DSTM32 -DSTM32F407G_DISC1 -DSTM32F4 -DSTM32F407VGTx -c -I../Inc -O0 -ffunction-sections -fdata-sections -Wall -fstack-usage -fcyclomatic-complexity -MMD -MP -MF"Src/syscalls.d" -MT"Src/syscalls.o" --specs=nano.specs -mfloat-abi=soft -mthumb -o "Src/syscalls.o"
arm-none-eabi-gcc "../Src/sysmem.c" -mcpu=cortex-m4 -std=gnu11 -g3 -DDEBUG -DSTM32 -DSTM32F407G_DISC1 -DSTM32F4 -DSTM32F407VGTx -c -I../Inc -O0 -ffunction-sections -fdata-sections -Wall -fstack-usage -fcyclomatic-complexity -MMD -MP -MF"Src/sysmem.d" -MT"Src/sysmem.o" --specs=nano.specs -mfloat-abi=soft -mthumb -o "Src/sysmem.o"
arm-none-eabi-gcc -o "003Add.elf" @"objects.list"   -mcpu=cortex-m4 -T"C:\Alperen\RIGELSAN\STM32\Courses\FastbitAcademy\1 - Microcontroller Embedded C Programming Absolute Beginners\My Workspace\target\003Add\STM32F407VGTX_FLASH.ld" --specs=nosys.specs -Wl,-Map="003Add.map" -Wl,--gc-sections -static --specs=nano.specs -mfloat-abi=soft -mthumb -Wl,--start-group -lc -lm -Wl,--end-group
Finished building target: 003Add.elf
 
arm-none-eabi-size  003Add.elf 
arm-none-eabi-objdump -h -S 003Add.elf  > "003Add.list"
   text	   data	    bss	    dec	    hex	filename
   5076	    100	   1908	   7084	   1bac	003Add.elf
Finished building: default.size.stdout
 
Finished building: 003Add.list
 
09:22:17 **** Incremental Build of configuration Debug for project 003Add ****
make -j16 all 
arm-none-eabi-size  003Add.elf 
   text	   data	    bss	    dec	    hex	filename
   5076	    100	   1908	   7084	   1bac	003Add.elf
Finished building: default.size.stdout
 
09:23:32 **** Incremental Build of configuration Debug for project 003Add ****
make -j16 all 
arm-none-eabi-gcc "../Src/main.c" -mcpu=cortex-m4 -std=gnu11 -g3 -DDEBUG -DSTM32 -DSTM32F407G_DISC1 -DSTM32F4 -DSTM32F407VGTx -c -I../Inc -O0 -ffunction-sections -fdata-sections -Wall -fstack-usage -fcyclomatic-complexity -MMD -MP -MF"Src/main.d" -MT"Src/main.o" --specs=nano.specs -mfloat-abi=soft -mthumb -o "Src/main.o"
arm-none-eabi-gcc -o "003Add.elf" @"objects.list"   -mcpu=cortex-m4 -T"C:\Alperen\RIGELSAN\STM32\Courses\FastbitAcademy\1 - Microcontroller Embedded C Programming Absolute Beginners\My Workspace\target\003Add\STM32F407VGTX_FLASH.ld" --specs=nosys.specs -Wl,-Map="003Add.map" -Wl,--gc-sections -static --specs=nano.specs -mfloat-abi=soft -mthumb -Wl,--start-group -lc -lm -Wl,--end-group
Finished building target: 003Add.elf
 
arm-none-eabi-size  003Add.elf 
arm-none-eabi-objdump -h -S 003Add.elf  > "003Add.list"
   text	   data	    bss	    dec	    hex	filename
   4904	    100	   1908	   6912	   1b00	003Add.elf
Finished building: default.size.stdout
 
Finished building: 003Add.list
 
